
> apps/web@1.0.0 build D:\Projetos\RPG-OS\apps\web
> next build

▲ Next.js 16.3.1 (Turbopack)
✓ Running next.config took 137ms

  Creating an optimized production build ...
✓ Compiled successfully in 17.1s
  Running TypeScript ...
  Finished TypeScript in 4.8s ...
  Collecting page data using 11 workers ...
  Generating static pages using 11 workers (0/11) ...
  Generating static pages using 11 workers (2/11) 
  Generating static pages using 11 workers (5/11) 
  Generating static pages using 11 workers (8/11) 
✓ Generating static pages using 11 workers (11/11) in 671ms
  Finalizing page optimization ...

Route (app)
┌ ○ /
├ ○ /_not-found
├ ○ /clientes
├ ○ /dashboard
├ ○ /obras
├ ○ /orcamentos
├ ○ /registo
├ ○ /registo/cliente
├ ○ /registo/empresa
└ ○ /registo/individual


○  (Static)  prerendered as static content

